---
source: re-parse-proc-macro/src/parser.rs
expression: "parse(\"({a*},)*\")"
snapshot_kind: text
---
Ok(
    Many(
        And(
            Variable(
                RegexVariable {
                    name: "a",
                    kind: Multiple,
                },
            ),
            Literal(
                Char(
                    ',',
                ),
            ),
        ),
    ),
)
