---
source: re-parse-proc-macro/src/dfa.rs
expression: "parse(\".{var}.\")"
snapshot_kind: text
---
Ok(
    Dfa {
        root: ArenaIndex<re_parse_proc_macro::dfa::DfaNode>(
            1,
        ),
        nodes: Arena {
            nodes: [
                DfaNode {
                    is_accepting: false,
                    variable: None,
                    edges: DfaEdges {
                        default: Some(
                            ArenaIndex<re_parse_proc_macro::dfa::DfaNode>(
                                2,
                            ),
                        ),
                        edges: {},
                    },
                },
                DfaNode {
                    is_accepting: false,
                    variable: None,
                    edges: DfaEdges {
                        default: Some(
                            ArenaIndex<re_parse_proc_macro::dfa::DfaNode>(
                                0,
                            ),
                        ),
                        edges: {},
                    },
                },
                DfaNode {
                    is_accepting: false,
                    variable: Some(
                        RegexVariable {
                            name: "var",
                            kind: Singular,
                        },
                    ),
                    edges: DfaEdges {
                        default: Some(
                            ArenaIndex<re_parse_proc_macro::dfa::DfaNode>(
                                3,
                            ),
                        ),
                        edges: {},
                    },
                },
                DfaNode {
                    is_accepting: true,
                    variable: None,
                    edges: DfaEdges {
                        default: None,
                        edges: {},
                    },
                },
            ],
        },
    },
)
