---
source: re-parse-proc-macro/src/nfa.rs
expression: "parse(\"A|B|C\")"
snapshot_kind: text
---
Ok(
    Nfa {
        root: ArenaIndex<re_parse_proc_macro::nfa::NfaNode>(
            0,
        ),
        nodes: Arena {
            nodes: [
                NfaNode {
                    edges: [
                        ArenaIndex<re_parse_proc_macro::nfa::NfaNode>(
                            2,
                        ),
                        ArenaIndex<re_parse_proc_macro::nfa::NfaNode>(
                            3,
                        ),
                        ArenaIndex<re_parse_proc_macro::nfa::NfaNode>(
                            4,
                        ),
                    ],
                    edge_kind: Epsilon,
                    kind: Simple,
                    is_accepting: false,
                },
                NfaNode {
                    edges: [],
                    edge_kind: Epsilon,
                    kind: Simple,
                    is_accepting: true,
                },
                NfaNode {
                    edges: [
                        ArenaIndex<re_parse_proc_macro::nfa::NfaNode>(
                            1,
                        ),
                    ],
                    edge_kind: Pattern(
                        Char(
                            'A',
                        ),
                    ),
                    kind: Simple,
                    is_accepting: false,
                },
                NfaNode {
                    edges: [
                        ArenaIndex<re_parse_proc_macro::nfa::NfaNode>(
                            1,
                        ),
                    ],
                    edge_kind: Pattern(
                        Char(
                            'B',
                        ),
                    ),
                    kind: Simple,
                    is_accepting: false,
                },
                NfaNode {
                    edges: [
                        ArenaIndex<re_parse_proc_macro::nfa::NfaNode>(
                            1,
                        ),
                    ],
                    edge_kind: Pattern(
                        Char(
                            'C',
                        ),
                    ),
                    kind: Simple,
                    is_accepting: false,
                },
            ],
        },
    },
)
