---
source: re-parse-proc-macro/src/parser.rs
expression: "parse(\"\")"
snapshot_kind: text
---
Ok(
    And,
)
