---
source: re-parse-proc-macro/src/parser.rs
expression: "parse(\"a\")"
snapshot_kind: text
---
Ok(
    Literal(
        Char(
            'a',
        ),
    ),
)
