---
source: re-parse-proc-macro/src/parser.rs
expression: "parse(\"a?\")"
snapshot_kind: text
---
Ok(
    ZeroOrOne(
        Literal(
            Char(
                'a',
            ),
        ),
    ),
)
