---
source: re-parse-proc-macro/src/dfa.rs
expression: "parse(\"A\")"
snapshot_kind: text
---
Ok(
    Dfa {
        root: ArenaIndex<re_parse_proc_macro::dfa::DfaNode>(
            1,
        ),
        nodes: Arena {
            nodes: [
                DfaNode {
                    is_accepting: true,
                    variable: None,
                    edges: DfaEdges {
                        default: None,
                        edges: {},
                    },
                },
                DfaNode {
                    is_accepting: false,
                    variable: None,
                    edges: DfaEdges {
                        default: None,
                        edges: {
                            'A': ArenaIndex<re_parse_proc_macro::dfa::DfaNode>(
                                0,
                            ),
                        },
                    },
                },
            ],
        },
    },
)
