---
source: re-parse-proc-macro/src/dfa.rs
expression: "parse(\"{foo}\")"
snapshot_kind: text
---
Ok(
    Dfa {
        root: ArenaIndex<re_parse_proc_macro::dfa::DfaNode>(
            1,
        ),
        nodes: Arena {
            nodes: [
                DfaNode {
                    is_accepting: true,
                    variable: Some(
                        "foo",
                    ),
                    edges: DfaEdges {
                        default: Some(
                            ArenaIndex<re_parse_proc_macro::dfa::DfaNode>(
                                0,
                            ),
                        ),
                        edges: {},
                    },
                },
                DfaNode {
                    is_accepting: false,
                    variable: None,
                    edges: DfaEdges {
                        default: Some(
                            ArenaIndex<re_parse_proc_macro::dfa::DfaNode>(
                                0,
                            ),
                        ),
                        edges: {},
                    },
                },
            ],
        },
    },
)
